[2025-07-14 05:55:26,336] [semantic.py:269] [INFO] running sam!
[2025-07-14 05:55:33,532] [semantic.py:287] [INFO] Processing 'test_images/fruits.jpg'...
[2025-07-14 05:55:37,726] [semantic.py:300] [INFO] sam done!

[2025-07-14 05:55:37,726] [semantic.py:303] [INFO] running semantic seg model!
[2025-07-14 05:55:40,537] [semantic.py:305] [INFO] semantic predict done!

[2025-07-14 05:55:40,537] [semantic.py:308] [INFO] enhance semantic masks
[2025-07-14 05:55:40,559] [enhance_semantic_masks.py:28] [INFO] outputs/fruits/sam_mask/0 assign label: [ 81, pumpkin, 0.45, 0.0491 ]
[2025-07-14 05:55:40,562] [enhance_semantic_masks.py:28] [INFO] outputs/fruits/sam_mask/1 assign label: [ 38, pear, 0.84, 0.0267 ]
[2025-07-14 05:55:40,565] [enhance_semantic_masks.py:28] [INFO] outputs/fruits/sam_mask/2 assign label: [ 25, apple, 0.96, 0.0292 ]
[2025-07-14 05:55:40,569] [enhance_semantic_masks.py:28] [INFO] outputs/fruits/sam_mask/3 assign label: [ 0, background, 0.99, 0.0334 ]
[2025-07-14 05:55:40,572] [enhance_semantic_masks.py:28] [INFO] outputs/fruits/sam_mask/4 assign label: [ 94, pepper, 0.99, 0.0196 ]
[2025-07-14 05:55:40,574] [enhance_semantic_masks.py:28] [INFO] outputs/fruits/sam_mask/5 assign label: [ 44, orange, 0.96, 0.0189 ]
[2025-07-14 05:55:40,577] [enhance_semantic_masks.py:28] [INFO] outputs/fruits/sam_mask/6 assign label: [ 25, apple, 1.00, 0.0195 ]
[2025-07-14 05:55:40,581] [enhance_semantic_masks.py:28] [INFO] outputs/fruits/sam_mask/7 assign label: [ 25, apple, 0.74, 0.0370 ]
[2025-07-14 05:55:40,585] [enhance_semantic_masks.py:28] [INFO] outputs/fruits/sam_mask/8 assign label: [ 44, orange, 0.73, 0.0277 ]
[2025-07-14 05:55:40,587] [enhance_semantic_masks.py:28] [INFO] outputs/fruits/sam_mask/9 assign label: [ 44, orange, 0.89, 0.0180 ]
[2025-07-14 05:55:40,591] [enhance_semantic_masks.py:28] [INFO] outputs/fruits/sam_mask/10 assign label: [ 25, apple, 1.00, 0.0323 ]
[2025-07-14 05:55:40,594] [enhance_semantic_masks.py:28] [INFO] outputs/fruits/sam_mask/11 assign label: [ 25, apple, 0.52, 0.0219 ]
[2025-07-14 05:55:40,596] [enhance_semantic_masks.py:28] [INFO] outputs/fruits/sam_mask/12 assign label: [ 44, orange, 0.98, 0.0205 ]
[2025-07-14 05:55:40,599] [enhance_semantic_masks.py:28] [INFO] outputs/fruits/sam_mask/13 assign label: [ 73, tomato, 0.85, 0.0183 ]
[2025-07-14 05:55:40,600] [enhance_semantic_masks.py:28] [INFO] outputs/fruits/sam_mask/14 assign label: [ 44, orange, 0.99, 0.0159 ]
[2025-07-14 05:55:40,606] [enhance_semantic_masks.py:28] [INFO] outputs/fruits/sam_mask/15 assign label: [ 0, background, 1.00, 0.0476 ]
[2025-07-14 05:55:40,607] [enhance_semantic_masks.py:28] [INFO] outputs/fruits/sam_mask/16 assign label: [ 41, grape, 1.00, 0.0026 ]
[2025-07-14 05:55:40,609] [enhance_semantic_masks.py:28] [INFO] outputs/fruits/sam_mask/17 assign label: [ 25, apple, 0.91, 0.0132 ]
[2025-07-14 05:55:40,610] [enhance_semantic_masks.py:28] [INFO] outputs/fruits/sam_mask/18 assign label: [ 44, orange, 1.00, 0.0091 ]
[2025-07-14 05:55:40,612] [enhance_semantic_masks.py:28] [INFO] outputs/fruits/sam_mask/19 assign label: [ 44, orange, 0.97, 0.0177 ]
[2025-07-14 05:55:40,614] [enhance_semantic_masks.py:28] [INFO] outputs/fruits/sam_mask/20 assign label: [ 94, pepper, 1.00, 0.0191 ]
[2025-07-14 05:55:40,626] [enhance_semantic_masks.py:28] [INFO] outputs/fruits/sam_mask/21 assign label: [ 0, background, 0.98, 0.0905 ]
[2025-07-14 05:55:40,629] [enhance_semantic_masks.py:28] [INFO] outputs/fruits/sam_mask/22 assign label: [ 28, avocado, 0.52, 0.0212 ]
[2025-07-14 05:55:40,629] [enhance_semantic_masks.py:28] [INFO] outputs/fruits/sam_mask/23 assign label: [ 73, tomato, 1.00, 0.0016 ]
[2025-07-14 05:55:40,630] [enhance_semantic_masks.py:28] [INFO] outputs/fruits/sam_mask/24 assign label: [ 73, tomato, 0.89, 0.0028 ]
[2025-07-14 05:55:40,630] [enhance_semantic_masks.py:28] [INFO] outputs/fruits/sam_mask/25 assign label: [ 41, grape, 1.00, 0.0026 ]
[2025-07-14 05:55:40,633] [enhance_semantic_masks.py:28] [INFO] outputs/fruits/sam_mask/26 assign label: [ 73, tomato, 0.86, 0.0224 ]
[2025-07-14 05:55:40,636] [enhance_semantic_masks.py:28] [INFO] outputs/fruits/sam_mask/27 assign label: [ 25, apple, 1.00, 0.0219 ]
[2025-07-14 05:55:40,636] [enhance_semantic_masks.py:28] [INFO] outputs/fruits/sam_mask/28 assign label: [ 41, grape, 1.00, 0.0030 ]
[2025-07-14 05:55:40,639] [enhance_semantic_masks.py:28] [INFO] outputs/fruits/sam_mask/29 assign label: [ 25, apple, 1.00, 0.0221 ]
[2025-07-14 05:55:40,643] [enhance_semantic_masks.py:28] [INFO] outputs/fruits/sam_mask/30 assign label: [ 38, pear, 0.63, 0.0282 ]
[2025-07-14 05:55:40,643] [enhance_semantic_masks.py:28] [INFO] outputs/fruits/sam_mask/31 assign label: [ 73, tomato, 1.00, 0.0040 ]
[2025-07-14 05:55:40,650] [enhance_semantic_masks.py:28] [INFO] outputs/fruits/sam_mask/32 assign label: [ 38, pear, 0.67, 0.0486 ]
[2025-07-14 05:55:40,650] [enhance_semantic_masks.py:28] [INFO] outputs/fruits/sam_mask/33 assign label: [ 73, tomato, 0.92, 0.0024 ]
[2025-07-14 05:55:40,658] [enhance_semantic_masks.py:28] [INFO] outputs/fruits/sam_mask/34 assign label: [ 25, apple, 0.69, 0.0621 ]
[2025-07-14 05:55:40,659] [enhance_semantic_masks.py:28] [INFO] outputs/fruits/sam_mask/35 assign label: [ 73, tomato, 1.00, 0.0032 ]
[2025-07-14 05:55:40,659] [enhance_semantic_masks.py:28] [INFO] outputs/fruits/sam_mask/36 assign label: [ 41, grape, 0.98, 0.0021 ]
[2025-07-14 05:55:40,662] [enhance_semantic_masks.py:28] [INFO] outputs/fruits/sam_mask/37 assign label: [ 25, apple, 0.66, 0.0209 ]
[2025-07-14 05:55:40,669] [enhance_semantic_masks.py:28] [INFO] outputs/fruits/sam_mask/38 assign label: [ 81, pumpkin, 0.44, 0.0503 ]
[2025-07-14 05:55:40,669] [enhance_semantic_masks.py:28] [INFO] outputs/fruits/sam_mask/39 assign label: [ 73, tomato, 1.00, 0.0017 ]
[2025-07-14 05:55:40,669] [enhance_semantic_masks.py:28] [INFO] outputs/fruits/sam_mask/40 assign label: [ 25, apple, 0.72, 0.0015 ]
[2025-07-14 05:55:40,670] [enhance_semantic_masks.py:28] [INFO] outputs/fruits/sam_mask/41 assign label: [ 41, grape, 0.54, 0.0022 ]
[2025-07-14 05:55:40,673] [enhance_semantic_masks.py:28] [INFO] outputs/fruits/sam_mask/42 assign label: [ 38, pear, 0.63, 0.0282 ]
[2025-07-14 05:55:40,674] [enhance_semantic_masks.py:28] [INFO] outputs/fruits/sam_mask/43 assign label: [ 41, grape, 1.00, 0.0027 ]
[2025-07-14 05:55:40,681] [enhance_semantic_masks.py:28] [INFO] outputs/fruits/sam_mask/44 assign label: [ 81, pumpkin, 0.44, 0.0502 ]
[2025-07-14 05:55:40,684] [enhance_semantic_masks.py:28] [INFO] outputs/fruits/sam_mask/45 assign label: [ 0, background, 0.99, 0.0295 ]
[2025-07-14 05:55:40,685] [enhance_semantic_masks.py:28] [INFO] outputs/fruits/sam_mask/46 assign label: [ 94, pepper, 0.81, 0.0021 ]
[2025-07-14 05:55:40,685] [enhance_semantic_masks.py:28] [INFO] outputs/fruits/sam_mask/47 assign label: [ 41, grape, 0.92, 0.0023 ]
[2025-07-14 05:55:40,686] [enhance_semantic_masks.py:28] [INFO] outputs/fruits/sam_mask/48 assign label: [ 41, grape, 1.00, 0.0021 ]
[2025-07-14 05:55:40,686] [enhance_semantic_masks.py:28] [INFO] outputs/fruits/sam_mask/49 assign label: [ 73, tomato, 1.00, 0.0028 ]
[2025-07-14 05:55:40,686] [enhance_semantic_masks.py:28] [INFO] outputs/fruits/sam_mask/50 assign label: [ 0, background, 1.00, 0.0025 ]
[2025-07-14 05:55:40,687] [enhance_semantic_masks.py:28] [INFO] outputs/fruits/sam_mask/51 assign label: [ 41, grape, 0.65, 0.0021 ]
[2025-07-14 05:55:40,692] [enhance_semantic_masks.py:28] [INFO] outputs/fruits/sam_mask/52 assign label: [ 0, background, 1.00, 0.0384 ]
[2025-07-14 05:55:40,692] [enhance_semantic_masks.py:28] [INFO] outputs/fruits/sam_mask/53 assign label: [ 41, grape, 1.00, 0.0020 ]
[2025-07-14 05:55:40,693] [enhance_semantic_masks.py:28] [INFO] outputs/fruits/sam_mask/54 assign label: [ 41, grape, 1.00, 0.0024 ]
[2025-07-14 05:55:40,693] [enhance_semantic_masks.py:28] [INFO] outputs/fruits/sam_mask/55 assign label: [ 73, tomato, 0.96, 0.0026 ]
[2025-07-14 05:55:40,695] [enhance_semantic_masks.py:28] [INFO] outputs/fruits/sam_mask/56 assign label: [ 44, orange, 0.97, 0.0178 ]
[2025-07-14 05:55:40,696] [enhance_semantic_masks.py:28] [INFO] outputs/fruits/sam_mask/57 assign label: [ 41, grape, 1.00, 0.0013 ]
[2025-07-14 05:55:40,696] [enhance_semantic_masks.py:28] [INFO] outputs/fruits/sam_mask/58 assign label: [ 41, grape, 1.00, 0.0019 ]
[2025-07-14 05:55:40,696] [enhance_semantic_masks.py:28] [INFO] outputs/fruits/sam_mask/59 assign label: [ 41, grape, 1.00, 0.0016 ]
[2025-07-14 05:55:40,697] [enhance_semantic_masks.py:28] [INFO] outputs/fruits/sam_mask/60 assign label: [ 73, tomato, 0.95, 0.0030 ]
[2025-07-14 05:55:40,697] [enhance_semantic_masks.py:28] [INFO] outputs/fruits/sam_mask/61 assign label: [ 73, tomato, 0.66, 0.0016 ]
[2025-07-14 05:55:40,709] [enhance_semantic_masks.py:28] [INFO] outputs/fruits/sam_mask/62 assign label: [ 0, background, 0.98, 0.0913 ]
[2025-07-14 05:55:40,710] [enhance_semantic_masks.py:28] [INFO] outputs/fruits/sam_mask/63 assign label: [ 41, grape, 1.00, 0.0020 ]
[2025-07-14 05:55:40,710] [enhance_semantic_masks.py:28] [INFO] outputs/fruits/sam_mask/64 assign label: [ 29, banana, 0.52, 0.0021 ]
[2025-07-14 05:55:40,710] [enhance_semantic_masks.py:28] [INFO] outputs/fruits/sam_mask/65 assign label: [ 25, apple, 0.51, 0.0013 ]
[2025-07-14 05:55:40,712] [enhance_semantic_masks.py:28] [INFO] outputs/fruits/sam_mask/66 assign label: [ 25, apple, 1.00, 0.0085 ]
[2025-07-14 05:55:40,712] [enhance_semantic_masks.py:28] [INFO] outputs/fruits/sam_mask/67 assign label: [ 73, tomato, 1.00, 0.0026 ]
[2025-07-14 05:55:40,712] [enhance_semantic_masks.py:28] [INFO] outputs/fruits/sam_mask/68 assign label: [ 41, grape, 0.85, 0.0021 ]
[2025-07-14 05:55:40,713] [enhance_semantic_masks.py:28] [INFO] outputs/fruits/sam_mask/69 assign label: [ 29, banana, 0.69, 0.0055 ]
[2025-07-14 05:55:40,715] [enhance_semantic_masks.py:28] [INFO] outputs/fruits/sam_mask/70 assign label: [ 0, background, 1.00, 0.0181 ]
[2025-07-14 05:55:40,716] [enhance_semantic_masks.py:28] [INFO] outputs/fruits/sam_mask/71 assign label: [ 41, grape, 1.00, 0.0018 ]
[2025-07-14 05:55:40,716] [enhance_semantic_masks.py:28] [INFO] outputs/fruits/sam_mask/72 assign label: [ 41, grape, 0.99, 0.0030 ]
[2025-07-14 05:55:40,717] [enhance_semantic_masks.py:28] [INFO] outputs/fruits/sam_mask/73 assign label: [ 41, grape, 0.71, 0.0024 ]
[2025-07-14 05:55:40,717] [enhance_semantic_masks.py:28] [INFO] outputs/fruits/sam_mask/74 assign label: [ 41, grape, 0.98, 0.0018 ]
[2025-07-14 05:55:40,717] [enhance_semantic_masks.py:28] [INFO] outputs/fruits/sam_mask/75 assign label: [ 41, grape, 0.99, 0.0030 ]
[2025-07-14 05:55:40,721] [enhance_semantic_masks.py:28] [INFO] outputs/fruits/sam_mask/76 assign label: [ 0, background, 0.99, 0.0314 ]
[2025-07-14 05:55:40,725] [enhance_semantic_masks.py:28] [INFO] outputs/fruits/sam_mask/77 assign label: [ 94, pepper, 0.98, 0.0282 ]
[2025-07-14 05:55:40,726] [enhance_semantic_masks.py:28] [INFO] outputs/fruits/sam_mask/78 assign label: [ 73, tomato, 0.92, 0.0055 ]
[2025-07-14 05:55:40,726] [enhance_semantic_masks.py:28] [INFO] outputs/fruits/sam_mask/79 assign label: [ 41, grape, 0.54, 0.0020 ]
[2025-07-14 05:55:40,730] [enhance_semantic_masks.py:28] [INFO] outputs/fruits/sam_mask/80 assign label: [ 44, orange, 0.72, 0.0281 ]
[2025-07-14 05:55:40,730] [enhance_semantic_masks.py:28] [INFO] outputs/fruits/sam_mask/81 assign label: [ 94, pepper, 0.98, 0.0020 ]
[2025-07-14 05:55:40,730] [enhance_semantic_masks.py:28] [INFO] outputs/fruits/sam_mask/82 assign label: [ 73, tomato, 1.00, 0.0010 ]
[2025-07-14 05:55:40,731] [enhance_semantic_masks.py:28] [INFO] outputs/fruits/sam_mask/83 assign label: [ 29, banana, 0.81, 0.0043 ]
[2025-07-14 05:55:40,731] [enhance_semantic_masks.py:28] [INFO] outputs/fruits/sam_mask/84 assign label: [ 41, grape, 1.00, 0.0009 ]
[2025-07-14 05:55:40,732] [enhance_semantic_masks.py:28] [INFO] outputs/fruits/sam_mask/85 assign label: [ 73, tomato, 0.71, 0.0024 ]
[2025-07-14 05:55:40,732] [enhance_semantic_masks.py:28] [INFO] outputs/fruits/sam_mask/86 assign label: [ 73, tomato, 1.00, 0.0030 ]
[2025-07-14 05:55:40,732] [enhance_semantic_masks.py:28] [INFO] outputs/fruits/sam_mask/87 assign label: [ 41, grape, 1.00, 0.0010 ]
[2025-07-14 05:55:40,733] [enhance_semantic_masks.py:28] [INFO] outputs/fruits/sam_mask/88 assign label: [ 29, banana, 0.72, 0.0038 ]
[2025-07-14 05:55:40,734] [enhance_semantic_masks.py:28] [INFO] outputs/fruits/sam_mask/89 assign label: [ 25, apple, 0.90, 0.0089 ]
[2025-07-14 05:55:40,734] [enhance_semantic_masks.py:28] [INFO] outputs/fruits/sam_mask/90 assign label: [ 41, grape, 1.00, 0.0020 ]
[2025-07-14 05:55:40,735] [enhance_semantic_masks.py:28] [INFO] outputs/fruits/sam_mask/91 assign label: [ 34, mango, 0.58, 0.0020 ]
[2025-07-14 05:55:40,738] [enhance_semantic_masks.py:28] [INFO] outputs/fruits/sam_mask/92 assign label: [ 44, orange, 0.98, 0.0292 ]
[2025-07-14 05:55:40,739] [enhance_semantic_masks.py:28] [INFO] outputs/fruits/sam_mask/93 assign label: [ 41, grape, 1.00, 0.0018 ]
[2025-07-14 05:55:40,739] [enhance_semantic_masks.py:28] [INFO] outputs/fruits/sam_mask/94 assign label: [ 73, tomato, 1.00, 0.0030 ]
[2025-07-14 05:55:40,740] [enhance_semantic_masks.py:28] [INFO] outputs/fruits/sam_mask/95 assign label: [ 94, pepper, 1.00, 0.0039 ]
[2025-07-14 05:55:40,740] [enhance_semantic_masks.py:28] [INFO] outputs/fruits/sam_mask/96 assign label: [ 41, grape, 0.97, 0.0039 ]
[2025-07-14 05:55:40,742] [enhance_semantic_masks.py:28] [INFO] outputs/fruits/sam_mask/97 assign label: [ 94, pepper, 1.00, 0.0114 ]
[2025-07-14 05:55:40,743] [enhance_semantic_masks.py:28] [INFO] outputs/fruits/sam_mask/98 assign label: [ 73, tomato, 1.00, 0.0073 ]
[2025-07-14 05:55:40,743] [enhance_semantic_masks.py:28] [INFO] outputs/fruits/sam_mask/99 assign label: [ 41, grape, 1.00, 0.0014 ]
[2025-07-14 05:55:40,744] [enhance_semantic_masks.py:28] [INFO] outputs/fruits/sam_mask/100 assign label: [ 94, pepper, 0.99, 0.0027 ]
[2025-07-14 05:55:40,744] [enhance_semantic_masks.py:28] [INFO] outputs/fruits/sam_mask/101 assign label: [ 73, tomato, 1.00, 0.0072 ]
[2025-07-14 05:55:40,745] [enhance_semantic_masks.py:28] [INFO] outputs/fruits/sam_mask/102 assign label: [ 0, background, 0.90, 0.0045 ]
[2025-07-14 05:55:40,746] [enhance_semantic_masks.py:28] [INFO] outputs/fruits/sam_mask/103 assign label: [ 73, tomato, 1.00, 0.0056 ]
[2025-07-14 05:55:40,746] [enhance_semantic_masks.py:28] [INFO] outputs/fruits/sam_mask/104 assign label: [ 41, grape, 0.87, 0.0015 ]
[2025-07-14 05:55:40,747] [enhance_semantic_masks.py:28] [INFO] outputs/fruits/sam_mask/105 assign label: [ 73, tomato, 0.98, 0.0054 ]
[2025-07-14 05:55:40,747] [enhance_semantic_masks.py:28] [INFO] outputs/fruits/sam_mask/106 assign label: [ 0, background, 1.00, 0.0006 ]
[2025-07-14 05:55:40,748] [enhance_semantic_masks.py:28] [INFO] outputs/fruits/sam_mask/107 assign label: [ 73, tomato, 0.98, 0.0042 ]
[2025-07-14 05:55:40,749] [enhance_semantic_masks.py:28] [INFO] outputs/fruits/sam_mask/108 assign label: [ 25, apple, 0.91, 0.0134 ]
[2025-07-14 05:55:40,750] [enhance_semantic_masks.py:28] [INFO] outputs/fruits/sam_mask/109 assign label: [ 94, pepper, 0.91, 0.0051 ]
[2025-07-14 05:55:40,753] [enhance_semantic_masks.py:28] [INFO] outputs/fruits/sam_mask/110 assign label: [ 25, apple, 1.00, 0.0197 ]
[2025-07-14 05:55:40,753] [enhance_semantic_masks.py:28] [INFO] outputs/fruits/sam_mask/111 assign label: [ 25, apple, 0.64, 0.0052 ]
[2025-07-14 05:55:40,754] [enhance_semantic_masks.py:28] [INFO] outputs/fruits/sam_mask/112 assign label: [ 0, background, 1.00, 0.0011 ]
[2025-07-14 05:55:40,754] [enhance_semantic_masks.py:28] [INFO] outputs/fruits/sam_mask/113 assign label: [ 73, tomato, 1.00, 0.0005 ]
[2025-07-14 05:55:40,754] [enhance_semantic_masks.py:28] [INFO] outputs/fruits/sam_mask/114 assign label: [ 41, grape, 0.96, 0.0011 ]
[2025-07-14 05:55:40,755] [enhance_semantic_masks.py:28] [INFO] outputs/fruits/sam_mask/115 assign label: [ 73, tomato, 0.80, 0.0023 ]
[2025-07-14 05:55:40,755] [enhance_semantic_masks.py:28] [INFO] outputs/fruits/sam_mask/116 assign label: [ 41, grape, 0.87, 0.0015 ]
[2025-07-14 05:55:40,756] [enhance_semantic_masks.py:28] [INFO] outputs/fruits/sam_mask/117 assign label: [ 0, background, 1.00, 0.0067 ]
[2025-07-14 05:55:40,756] [enhance_semantic_masks.py:28] [INFO] outputs/fruits/sam_mask/118 assign label: [ 44, orange, 0.46, 0.0037 ]
[2025-07-14 05:55:40,759] [enhance_semantic_masks.py:28] [INFO] outputs/fruits/sam_mask/119 assign label: [ 94, pepper, 0.98, 0.0213 ]
[2025-07-14 05:55:40,759] [enhance_semantic_masks.py:28] [INFO] outputs/fruits/sam_mask/120 assign label: [ 25, apple, 0.68, 0.0008 ]
[2025-07-14 05:55:40,760] [enhance_semantic_masks.py:28] [INFO] outputs/fruits/sam_mask/121 assign label: [ 0, background, 1.00, 0.0067 ]
[2025-07-14 05:55:40,760] [enhance_semantic_masks.py:28] [INFO] outputs/fruits/sam_mask/122 assign label: [ 41, grape, 0.91, 0.0010 ]
[2025-07-14 05:55:40,767] [enhance_semantic_masks.py:28] [INFO] outputs/fruits/sam_mask/123 assign label: [ 41, grape, 0.97, 0.0480 ]
[2025-07-14 05:55:40,767] [enhance_semantic_masks.py:28] [INFO] outputs/fruits/sam_mask/124 assign label: [ 25, apple, 0.64, 0.0024 ]
[2025-07-14 05:55:40,768] [enhance_semantic_masks.py:28] [INFO] outputs/fruits/sam_mask/125 assign label: [ 94, pepper, 1.00, 0.0013 ]
[2025-07-14 05:55:40,768] [enhance_semantic_masks.py:28] [INFO] outputs/fruits/sam_mask/126 assign label: [ 29, banana, 0.81, 0.0021 ]
[2025-07-14 05:55:40,769] [enhance_semantic_masks.py:28] [INFO] outputs/fruits/sam_mask/127 assign label: [ 41, grape, 0.95, 0.0045 ]
[2025-07-14 05:55:40,769] [enhance_semantic_masks.py:28] [INFO] outputs/fruits/sam_mask/128 assign label: [ 0, background, 1.00, 0.0046 ]
[2025-07-14 05:55:40,769] [enhance_semantic_masks.py:28] [INFO] outputs/fruits/sam_mask/129 assign label: [ 73, tomato, 1.00, 0.0002 ]
[2025-07-14 05:55:40,770] [enhance_semantic_masks.py:28] [INFO] outputs/fruits/sam_mask/130 assign label: [ 0, background, 0.99, 0.0072 ]
[2025-07-14 05:55:40,772] [enhance_semantic_masks.py:28] [INFO] outputs/fruits/sam_mask/131 assign label: [ 41, grape, 0.72, 0.0140 ]
[2025-07-14 05:55:40,773] [enhance_semantic_masks.py:28] [INFO] outputs/fruits/sam_mask/132 assign label: [ 0, background, 1.00, 0.0045 ]
[2025-07-14 05:55:40,773] [enhance_semantic_masks.py:28] [INFO] outputs/fruits/sam_mask/133 assign label: [ 94, pepper, 0.84, 0.0008 ]
[2025-07-14 05:55:40,777] [enhance_semantic_masks.py:28] [INFO] outputs/fruits/sam_mask/134 assign label: [ 0, background, 0.99, 0.0294 ]
[2025-07-14 05:55:40,777] [enhance_semantic_masks.py:28] [INFO] outputs/fruits/sam_mask/135 assign label: [ 41, grape, 0.98, 0.0040 ]
[2025-07-14 05:55:40,783] [enhance_semantic_masks.py:28] [INFO] outputs/fruits/sam_mask/136 assign label: [ 0, background, 1.00, 0.0478 ]
[2025-07-14 05:55:40,783] [enhance_semantic_masks.py:28] [INFO] outputs/fruits/sam_mask/137 assign label: [ 44, orange, 1.00, 0.0002 ]
[2025-07-14 05:55:40,788] [enhance_semantic_masks.py:28] [INFO] outputs/fruits/sam_mask/138 assign label: [ 44, orange, 0.98, 0.0345 ]
[2025-07-14 05:55:40,788] [enhance_semantic_masks.py:28] [INFO] outputs/fruits/sam_mask/139 assign label: [ 73, tomato, 0.96, 0.0052 ]
[2025-07-14 05:55:40,790] [enhance_semantic_masks.py:28] [INFO] outputs/fruits/sam_mask/140 assign label: [ 94, pepper, 1.00, 0.0164 ]
[2025-07-14 05:55:40,791] [enhance_semantic_masks.py:28] [INFO] outputs/fruits/sam_mask/141 assign label: [ 25, apple, 1.00, 0.0003 ]
[2025-07-14 05:55:40,791] [enhance_semantic_masks.py:28] [INFO] outputs/fruits/sam_mask/142 assign label: [ 41, grape, 1.00, 0.0002 ]
[2025-07-14 05:55:40,791] [enhance_semantic_masks.py:28] [INFO] outputs/fruits/sam_mask/143 assign label: [ 25, apple, 1.00, 0.0015 ]
[2025-07-14 05:55:40,794] [enhance_semantic_masks.py:28] [INFO] outputs/fruits/sam_mask/144 assign label: [ 44, orange, 0.96, 0.0190 ]
[2025-07-14 05:55:40,794] [enhance_semantic_masks.py:28] [INFO] outputs/fruits/sam_mask/145 assign label: [ 73, tomato, 1.00, 0.0004 ]
[2025-07-14 05:55:40,794] [enhance_semantic_masks.py:28] [INFO] outputs/fruits/sam_mask/146 assign label: [ 25, apple, 1.00, 0.0012 ]
[2025-07-14 05:55:40,794] [enhance_semantic_masks.py:28] [INFO] outputs/fruits/sam_mask/147 assign label: [ 73, tomato, 0.62, 0.0005 ]
[2025-07-14 05:55:40,796] [enhance_semantic_masks.py:28] [INFO] outputs/fruits/sam_mask/148 assign label: [ 0, background, 1.00, 0.0141 ]
[2025-07-14 05:55:40,797] [enhance_semantic_masks.py:28] [INFO] outputs/fruits/sam_mask/149 assign label: [ 73, tomato, 0.89, 0.0029 ]
[2025-07-14 05:55:40,800] [enhance_semantic_masks.py:28] [INFO] outputs/fruits/sam_mask/150 assign label: [ 25, apple, 0.53, 0.0263 ]
[2025-07-14 05:55:40,800] [enhance_semantic_masks.py:28] [INFO] outputs/fruits/sam_mask/151 assign label: [ 44, orange, 1.00, 0.0002 ]
[2025-07-14 05:55:40,801] [enhance_semantic_masks.py:28] [INFO] outputs/fruits/sam_mask/152 assign label: [ 41, grape, 0.75, 0.0042 ]
[2025-07-14 05:55:40,806] [enhance_semantic_masks.py:28] [INFO] outputs/fruits/sam_mask/153 assign label: [ 25, apple, 0.74, 0.0374 ]
[2025-07-14 05:55:40,806] [enhance_semantic_masks.py:28] [INFO] outputs/fruits/sam_mask/154 assign label: [ 29, banana, 0.53, 0.0058 ]
[2025-07-14 05:55:40,808] [enhance_semantic_masks.py:28] [INFO] outputs/fruits/sam_mask/155 assign label: [ 29, banana, 0.66, 0.0175 ]
[2025-07-14 05:55:40,809] [enhance_semantic_masks.py:28] [INFO] outputs/fruits/sam_mask/156 assign label: [ 25, apple, 1.00, 0.0013 ]
[2025-07-14 05:55:40,809] [enhance_semantic_masks.py:28] [INFO] outputs/fruits/sam_mask/157 assign label: [ 0, background, 1.00, 0.0008 ]
[2025-07-14 05:55:40,809] [enhance_semantic_masks.py:28] [INFO] outputs/fruits/sam_mask/158 assign label: [ 94, pepper, 0.99, 0.0007 ]
[2025-07-14 05:55:40,812] [enhance_semantic_masks.py:28] [INFO] outputs/fruits/sam_mask/159 assign label: [ 44, orange, 0.97, 0.0179 ]
[2025-07-14 05:55:40,812] [enhance_semantic_masks.py:28] [INFO] outputs/fruits/sam_mask/160 assign label: [ 44, orange, 0.70, 0.0020 ]
[2025-07-14 05:55:40,813] [enhance_semantic_masks.py:28] [INFO] outputs/fruits/sam_mask/161 assign label: [ 0, background, 1.00, 0.0064 ]
[2025-07-14 05:55:40,813] [enhance_semantic_masks.py:28] [INFO] outputs/fruits/sam_mask/162 assign label: [ 41, grape, 0.85, 0.0022 ]
[2025-07-14 05:55:40,814] [enhance_semantic_masks.py:28] [INFO] outputs/fruits/sam_mask/163 assign label: [ 94, pepper, 1.00, 0.0044 ]
[2025-07-14 05:55:40,814] [enhance_semantic_masks.py:28] [INFO] outputs/fruits/sam_mask/164 assign label: [ 0, background, 1.00, 0.0010 ]
[2025-07-14 05:55:40,814] [enhance_semantic_masks.py:28] [INFO] outputs/fruits/sam_mask/165 assign label: [ 25, apple, 0.72, 0.0012 ]
[2025-07-14 05:55:40,815] [enhance_semantic_masks.py:28] [INFO] outputs/fruits/sam_mask/166 assign label: [ 0, background, 1.00, 0.0018 ]
[2025-07-14 05:55:40,815] [enhance_semantic_masks.py:28] [INFO] outputs/fruits/sam_mask/167 assign label: [ 41, grape, 0.76, 0.0042 ]
[2025-07-14 05:55:40,816] [enhance_semantic_masks.py:28] [INFO] outputs/fruits/sam_mask/168 assign label: [ 25, apple, 1.00, 0.0003 ]
[2025-07-14 05:55:40,816] [enhance_semantic_masks.py:28] [INFO] outputs/fruits/sam_mask/169 assign label: [ 0, background, 1.00, 0.0062 ]
[2025-07-14 05:55:40,817] [enhance_semantic_masks.py:28] [INFO] outputs/fruits/sam_mask/170 assign label: [ 29, banana, 0.64, 0.0076 ]
[2025-07-14 05:55:40,818] [enhance_semantic_masks.py:28] [INFO] outputs/fruits/sam_mask/171 assign label: [ 73, tomato, 1.00, 0.0057 ]
[2025-07-14 05:55:40,871] [enhance_semantic_masks.py:28] [INFO] outputs/burger/sam_mask/0 assign label: [ 0, background, 1.00, 0.7070 ]
[2025-07-14 05:55:40,875] [enhance_semantic_masks.py:28] [INFO] outputs/burger/sam_mask/1 assign label: [ 58, bread, 0.98, 0.0536 ]
[2025-07-14 05:55:40,876] [enhance_semantic_masks.py:28] [INFO] outputs/burger/sam_mask/2 assign label: [ 46, steak, 0.98, 0.0344 ]
[2025-07-14 05:55:40,877] [enhance_semantic_masks.py:28] [INFO] outputs/burger/sam_mask/3 assign label: [ 93, onion, 0.94, 0.0121 ]
[2025-07-14 05:55:40,882] [enhance_semantic_masks.py:28] [INFO] outputs/burger/sam_mask/4 assign label: [ 58, bread, 0.72, 0.0816 ]
[2025-07-14 05:55:40,883] [enhance_semantic_masks.py:28] [INFO] outputs/burger/sam_mask/5 assign label: [ 73, tomato, 0.92, 0.0113 ]
[2025-07-14 05:55:40,883] [enhance_semantic_masks.py:28] [INFO] outputs/burger/sam_mask/6 assign label: [ 80, lettuce, 0.80, 0.0019 ]
[2025-07-14 05:55:40,884] [enhance_semantic_masks.py:28] [INFO] outputs/burger/sam_mask/7 assign label: [ 58, bread, 1.00, 0.0003 ]
[2025-07-14 05:55:40,884] [enhance_semantic_masks.py:28] [INFO] outputs/burger/sam_mask/8 assign label: [ 80, lettuce, 0.69, 0.0015 ]
[2025-07-14 05:55:40,888] [enhance_semantic_masks.py:28] [INFO] outputs/burger/sam_mask/9 assign label: [ 58, bread, 0.73, 0.0727 ]
[2025-07-14 05:55:40,889] [enhance_semantic_masks.py:28] [INFO] outputs/burger/sam_mask/10 assign label: [ 73, tomato, 0.93, 0.0113 ]
[2025-07-14 05:55:40,889] [enhance_semantic_masks.py:28] [INFO] outputs/burger/sam_mask/11 assign label: [ 93, onion, 0.99, 0.0078 ]
[2025-07-14 05:55:40,890] [enhance_semantic_masks.py:28] [INFO] outputs/burger/sam_mask/12 assign label: [ 58, bread, 1.00, 0.0003 ]
[2025-07-14 05:55:40,890] [enhance_semantic_masks.py:28] [INFO] outputs/burger/sam_mask/13 assign label: [ 58, bread, 1.00, 0.0002 ]
[2025-07-14 05:55:40,890] [enhance_semantic_masks.py:28] [INFO] outputs/burger/sam_mask/14 assign label: [ 58, bread, 0.39, 0.0017 ]
[2025-07-14 05:55:40,891] [enhance_semantic_masks.py:28] [INFO] outputs/burger/sam_mask/15 assign label: [ 93, onion, 0.96, 0.0204 ]
[2025-07-14 05:55:40,891] [enhance_semantic_masks.py:28] [INFO] outputs/burger/sam_mask/16 assign label: [ 80, lettuce, 0.93, 0.0012 ]
[2025-07-14 05:55:40,892] [enhance_semantic_masks.py:28] [INFO] outputs/burger/sam_mask/17 assign label: [ 46, steak, 0.99, 0.0130 ]
[2025-07-14 05:55:40,892] [enhance_semantic_masks.py:28] [INFO] outputs/burger/sam_mask/18 assign label: [ 58, bread, 1.00, 0.0002 ]
[2025-07-14 05:55:40,894] [enhance_semantic_masks.py:28] [INFO] outputs/burger/sam_mask/19 assign label: [ 9, cheese butter, 0.52, 0.0222 ]
[2025-07-14 05:55:40,894] [enhance_semantic_masks.py:28] [INFO] outputs/burger/sam_mask/20 assign label: [ 46, steak, 0.99, 0.0130 ]
[2025-07-14 05:55:40,895] [enhance_semantic_masks.py:28] [INFO] outputs/burger/sam_mask/21 assign label: [ 80, lettuce, 0.88, 0.0039 ]
[2025-07-14 05:55:40,895] [enhance_semantic_masks.py:28] [INFO] outputs/burger/sam_mask/22 assign label: [ 73, tomato, 0.75, 0.0088 ]
[2025-07-14 05:55:40,896] [enhance_semantic_masks.py:28] [INFO] outputs/burger/sam_mask/23 assign label: [ 80, lettuce, 0.92, 0.0013 ]
[2025-07-14 05:55:40,896] [enhance_semantic_masks.py:28] [INFO] outputs/burger/sam_mask/24 assign label: [ 58, bread, 1.00, 0.0003 ]
[2025-07-14 05:55:40,896] [enhance_semantic_masks.py:28] [INFO] outputs/burger/sam_mask/25 assign label: [ 58, bread, 1.00, 0.0003 ]
[2025-07-14 05:55:40,896] [enhance_semantic_masks.py:28] [INFO] outputs/burger/sam_mask/26 assign label: [ 73, tomato, 0.78, 0.0083 ]
[2025-07-14 05:55:40,897] [enhance_semantic_masks.py:28] [INFO] outputs/burger/sam_mask/27 assign label: [ 73, tomato, 0.52, 0.0023 ]
[2025-07-14 05:55:40,897] [enhance_semantic_masks.py:28] [INFO] outputs/burger/sam_mask/28 assign label: [ 80, lettuce, 0.88, 0.0028 ]
[2025-07-14 05:55:40,897] [enhance_semantic_masks.py:28] [INFO] outputs/burger/sam_mask/29 assign label: [ 58, bread, 1.00, 0.0003 ]
[2025-07-14 05:55:40,897] [enhance_semantic_masks.py:28] [INFO] outputs/burger/sam_mask/30 assign label: [ 58, bread, 1.00, 0.0002 ]
[2025-07-14 05:55:40,898] [enhance_semantic_masks.py:28] [INFO] outputs/burger/sam_mask/31 assign label: [ 58, bread, 1.00, 0.0002 ]
[2025-07-14 05:55:40,898] [enhance_semantic_masks.py:28] [INFO] outputs/burger/sam_mask/32 assign label: [ 80, lettuce, 0.99, 0.0006 ]
[2025-07-14 05:55:40,898] [enhance_semantic_masks.py:28] [INFO] outputs/burger/sam_mask/33 assign label: [ 80, lettuce, 0.75, 0.0033 ]
[2025-07-14 05:55:40,898] [enhance_semantic_masks.py:28] [INFO] outputs/burger/sam_mask/34 assign label: [ 58, bread, 1.00, 0.0002 ]
[2025-07-14 05:55:40,901] [enhance_semantic_masks.py:28] [INFO] outputs/apple_and_burger/sam_mask/0 assign label: [ 25, apple, 0.95, 0.1277 ]
[2025-07-14 05:55:40,902] [enhance_semantic_masks.py:28] [INFO] outputs/apple_and_burger/sam_mask/1 assign label: [ 0, background, 1.00, 0.0979 ]
[2025-07-14 05:55:40,904] [enhance_semantic_masks.py:28] [INFO] outputs/apple_and_burger/sam_mask/2 assign label: [ 0, background, 0.99, 0.2308 ]
[2025-07-14 05:55:40,904] [enhance_semantic_masks.py:28] [INFO] outputs/apple_and_burger/sam_mask/3 assign label: [ 103, other ingredients, 0.56, 0.0081 ]
[2025-07-14 05:55:40,906] [enhance_semantic_masks.py:28] [INFO] outputs/apple_and_burger/sam_mask/4 assign label: [ 58, bread, 1.00, 0.1160 ]
[2025-07-14 05:55:40,907] [enhance_semantic_masks.py:28] [INFO] outputs/apple_and_burger/sam_mask/5 assign label: [ 0, background, 1.00, 0.0978 ]
[2025-07-14 05:55:40,907] [enhance_semantic_masks.py:28] [INFO] outputs/apple_and_burger/sam_mask/6 assign label: [ 0, background, 0.94, 0.0078 ]
[2025-07-14 05:55:40,907] [enhance_semantic_masks.py:28] [INFO] outputs/apple_and_burger/sam_mask/7 assign label: [ 80, lettuce, 0.99, 0.0111 ]
[2025-07-14 05:55:40,908] [enhance_semantic_masks.py:28] [INFO] outputs/apple_and_burger/sam_mask/8 assign label: [ 0, background, 1.00, 0.0976 ]
[2025-07-14 05:55:40,910] [enhance_semantic_masks.py:28] [INFO] outputs/apple_and_burger/sam_mask/9 assign label: [ 0, background, 1.00, 0.0977 ]
[2025-07-14 05:55:40,911] [enhance_semantic_masks.py:28] [INFO] outputs/apple_and_burger/sam_mask/10 assign label: [ 0, background, 0.99, 0.0903 ]
[2025-07-14 05:55:40,911] [enhance_semantic_masks.py:28] [INFO] outputs/apple_and_burger/sam_mask/11 assign label: [ 80, lettuce, 0.92, 0.0223 ]
[2025-07-14 05:55:40,911] [enhance_semantic_masks.py:28] [INFO] outputs/apple_and_burger/sam_mask/12 assign label: [ 80, lettuce, 0.96, 0.0028 ]
[2025-07-14 05:55:40,911] [enhance_semantic_masks.py:28] [INFO] outputs/apple_and_burger/sam_mask/13 assign label: [ 25, apple, 1.00, 0.0024 ]
[2025-07-14 05:55:40,914] [enhance_semantic_masks.py:28] [INFO] outputs/apple_and_burger/sam_mask/14 assign label: [ 58, bread, 0.63, 0.2644 ]
[2025-07-14 05:55:40,915] [enhance_semantic_masks.py:28] [INFO] outputs/apple_and_burger/sam_mask/15 assign label: [ 58, bread, 0.97, 0.0501 ]
[2025-07-14 05:55:40,915] [enhance_semantic_masks.py:28] [INFO] outputs/apple_and_burger/sam_mask/16 assign label: [ 0, background, 0.94, 0.0041 ]
[2025-07-14 05:55:40,915] [enhance_semantic_masks.py:28] [INFO] outputs/apple_and_burger/sam_mask/17 assign label: [ 93, onion, 0.67, 0.0013 ]
[2025-07-14 05:55:40,916] [enhance_semantic_masks.py:28] [INFO] outputs/apple_and_burger/sam_mask/18 assign label: [ 93, onion, 0.53, 0.0536 ]
[2025-07-14 05:55:40,916] [enhance_semantic_masks.py:28] [INFO] outputs/apple_and_burger/sam_mask/19 assign label: [ 58, bread, 1.00, 0.0007 ]
[2025-07-14 05:55:40,916] [enhance_semantic_masks.py:28] [INFO] outputs/apple_and_burger/sam_mask/20 assign label: [ 0, background, 1.00, 0.0246 ]
[2025-07-14 05:55:40,917] [enhance_semantic_masks.py:28] [INFO] outputs/apple_and_burger/sam_mask/21 assign label: [ 58, bread, 0.99, 0.0337 ]
[2025-07-14 05:55:40,917] [enhance_semantic_masks.py:28] [INFO] outputs/apple_and_burger/sam_mask/22 assign label: [ 0, background, 1.00, 0.0036 ]
[2025-07-14 05:55:40,917] [enhance_semantic_masks.py:28] [INFO] outputs/apple_and_burger/sam_mask/23 assign label: [ 25, apple, 1.00, 0.0108 ]
[2025-07-14 05:55:40,918] [enhance_semantic_masks.py:28] [INFO] outputs/apple_and_burger/sam_mask/24 assign label: [ 0, background, 0.99, 0.0288 ]
[2025-07-14 05:55:40,918] [enhance_semantic_masks.py:28] [INFO] outputs/apple_and_burger/sam_mask/25 assign label: [ 0, background, 1.00, 0.0005 ]
[2025-07-14 05:55:40,918] [enhance_semantic_masks.py:28] [INFO] outputs/apple_and_burger/sam_mask/26 assign label: [ 58, bread, 1.00, 0.0006 ]
[2025-07-14 05:55:40,918] [enhance_semantic_masks.py:28] [INFO] outputs/apple_and_burger/sam_mask/27 assign label: [ 58, bread, 0.96, 0.0156 ]
[2025-07-14 05:55:40,918] [enhance_semantic_masks.py:28] [INFO] outputs/apple_and_burger/sam_mask/28 assign label: [ 0, background, 0.99, 0.0059 ]
[2025-07-14 05:55:40,918] [enhance_semantic_masks.py:28] [INFO] outputs/apple_and_burger/sam_mask/29 assign label: [ 0, background, 1.00, 0.0009 ]
[2025-07-14 05:55:40,919] [enhance_semantic_masks.py:28] [INFO] outputs/apple_and_burger/sam_mask/30 assign label: [ 80, lettuce, 0.46, 0.0155 ]
[2025-07-14 05:55:40,919] [enhance_semantic_masks.py:28] [INFO] outputs/apple_and_burger/sam_mask/31 assign label: [ 58, bread, 1.00, 0.0004 ]
[2025-07-14 05:55:40,919] [enhance_semantic_masks.py:28] [INFO] outputs/apple_and_burger/sam_mask/32 assign label: [ 0, background, 1.00, 0.0090 ]
[2025-07-14 05:55:40,919] [enhance_semantic_masks.py:28] [INFO] outputs/apple_and_burger/sam_mask/33 assign label: [ 80, lettuce, 0.43, 0.0012 ]
[2025-07-14 05:55:40,919] [enhance_semantic_masks.py:28] [INFO] outputs/apple_and_burger/sam_mask/34 assign label: [ 80, lettuce, 0.84, 0.0042 ]
[2025-07-14 05:55:40,919] [enhance_semantic_masks.py:28] [INFO] outputs/apple_and_burger/sam_mask/35 assign label: [ 25, apple, 1.00, 0.0010 ]
[2025-07-14 05:55:40,920] [enhance_semantic_masks.py:28] [INFO] outputs/apple_and_burger/sam_mask/36 assign label: [ 58, bread, 1.00, 0.0012 ]
[2025-07-14 05:55:40,920] [enhance_semantic_masks.py:28] [INFO] outputs/apple_and_burger/sam_mask/37 assign label: [ 0, background, 0.95, 0.0118 ]
[2025-07-14 05:55:40,920] [enhance_semantic_masks.py:28] [INFO] outputs/apple_and_burger/sam_mask/38 assign label: [ 58, bread, 1.00, 0.0004 ]
[2025-07-14 05:55:40,920] [enhance_semantic_masks.py:28] [INFO] outputs/apple_and_burger/sam_mask/39 assign label: [ 58, bread, 1.00, 0.0005 ]
[2025-07-14 05:55:40,920] [enhance_semantic_masks.py:28] [INFO] outputs/apple_and_burger/sam_mask/40 assign label: [ 58, bread, 1.00, 0.0004 ]
[2025-07-14 05:55:41,053] [semantic.py:310] [INFO] enhance semantic masks done!

[2025-07-14 05:55:41,054] [semantic.py:317] [INFO] The results saved in outputs!

